<html>
<body>
<pre>
<h1>µVision Build Log</h1>
<h2>Project:</h2>
C:\Keil\Labware\Lab15_SpaceInvaders\Lab15_SpaceInvaders\SpaceInvaders.uvproj
Project File Date:  05/19/2016

<h2>Output:</h2>
Build target 'SpaceInvaders'
linking...
Program Size: Code=5832 RO-data=2460 RW-data=116 ZI-data=2628  
".\SpaceInvaders.axf" - 0 Error(s), 0 Warning(s).
Load "C:\\Keil\\Labware\\Lab15_SpaceInvaders\\Lab15_SpaceInvaders\\SpaceInvaders.axf" 
Connecting: Mode=JTAG, Speed=1000000Hz
Connection failed!, error code=&d
Error: Flash Download failed  -  Target DLL has been cancelled
</pre>
</body>
</html>
